
[1m[46m RUN [49m[22m [36mv3.2.6 [39m[90mE:/study/KnowWhy/frontend[39m

[90mstdout[2m | src/pages/ProjectsPage.test.tsx[2m > [22m[2mProjectsPage[2m > [22m[2mrenders projects list page with projects
[22m[39mProjectsPage loadProjects debug: {
  accessToken: [32m'fake-jwt-token'[39m,
  activeOrganization: {
    organization: { id: [32m'org_1'[39m, name: [32m'Test Org'[39m, slug: [32m'test-org'[39m },
    role: [32m'owner'[39m
  }
}
ProjectsPage loadProjects debug: {
  accessToken: [32m'fake-jwt-token'[39m,
  activeOrganization: {
    organization: { id: [32m'org_1'[39m, name: [32m'Test Org'[39m, slug: [32m'test-org'[39m },
    role: [32m'owner'[39m
  }
}

[90mstdout[2m | src/pages/ProjectsPage.test.tsx[2m > [22m[2mProjectsPage[2m > [22m[2mrenders projects list page with projects
[22m[39mProjectsPage loadProjects debug: {
  accessToken: [32m'fake-jwt-token'[39m,
  activeOrganization: {
    organization: { id: [32m'org_1'[39m, name: [32m'Test Org'[39m, slug: [32m'test-org'[39m },
    role: [32m'owner'[39m
  }
}

 [31mΓ¥»[39m src/pages/ProjectsPage.test.tsx [2m([22m[2m1 test[22m[2m | [22m[31m1 failed[39m[2m)[22m[33m 1181[2mms[22m[39m
[31m   [31m├ù[31m ProjectsPage[2m > [22mrenders projects list page with projects[39m[33m 1179[2mms[22m[39m
[31m     ΓåÆ Found multiple elements with the text: Test Project One

Here are the matching elements:

Ignored nodes: comments, script, style
[36m<option[31m
  [33mvalue[31m=[32m"proj_1"[31m
[36m>[31m
  [0mTest Project One[0m
[36m</option>[31m

Ignored nodes: comments, script, style
[36m<h3[31m
  [33mclass[31m=[32m"font-semibold leading-none"[31m
[36m>[31m
  [0mTest Project One[0m
[36m</h3>[31m

(If this is intentional, then use the `*AllBy*` variant of the query (like `queryAllByText`, `getAllByText`, or `findAllByText`)).

Ignored nodes: comments, script, style
[36m<body>[31m
  [36m<div>[31m
    [36m<div[31m
      [33mclass[31m=[32m"min-h-screen bg-background text-foreground flex"[31m
    [36m>[31m
      [36m<aside[31m
        [33mclass[31m=[32m"fixed inset-y-0 left-0 hidden w-64 border-r border-border bg-card/60 backdrop-blur-md px-4 py-5 lg:block z-30"[31m
      [36m>[31m
        [36m<div[31m
          [33mclass[31m=[32m"flex h-full flex-col justify-between"[31m
        [36m>[31m
          [36m<div>[31m
            [36m<div[31m
              [33mclass[31m=[32m"flex items-center gap-3 px-2 pt-1"[31m
            [36m>[31m
              [36m<div[31m
                [33mclass[31m=[32m"grid size-10 place-items-center rounded-lg bg-primary text-primary-foreground shadow-sm"[31m
              [36m>[31m
                [36m<svg[31m
                  [33maria-hidden[31m=[32m"true"[31m
                  [33mclass[31m=[32m"lucide lucide-brain size-5 animate-pulse"[31m
                  [33mfill[31m=[32m"none"[31m
                  [33mheight[31m=[32m"24"[31m
                  [33mstroke[31m=[32m"currentColor"[31m
                  [33mstroke-linecap[31m=[32m"round"[31m
                  [33mstroke-linejoin[31m=[32m"round"[31m
                  [33mstroke-width[31m=[32m"2"[31m
                  [33mviewBox[31m=[32m"0 0 24 24"[31m
                  [33mwidth[31m=[32m"24"[31m
                  [33mxmlns[31m=[32m"http://www.w3.org/2000/svg"[31m
                [36m>[31m
                  [36m<path[31m
                    [33md[31m=[32m"M12 5a3 3 0 1 0-5.997.125 4 4 0 0 0-2.526 5.77 4 4 0 0 0 .556 6.588A4 4 0 1 0 12 18Z"[31m
                  [36m/>[31m
                  [36m<path[31m
                    [33md[31m=[32m"M12 5a3 3 0 1 1 5.997.125 4 4 0 0 1 2.526 5.77 4 4 0 0 1-.556 6.588A4 4 0 1 1 12 18Z"[31m
                  [36m/>[31m
                  [36m<path[31m
                    [33md[31m=[32m"M15 13a4.5 4.5 0 0 1-3-4 4.5 4.5 0 0 1-3 4"[31m
                  [36m/>[31m
                  [36m<path[31m
                    [33md[31m=[32m"M17.599 6.5a3 3 0 0 0 .399-1.375"[31m
                  [36m/>[31m
                  [36m<path[31m
                    [33md[31m=[32m"M6.003 5.125A3 3 0 0 0 6.401 6.5"[31m
                  [36m/>[31m
                  [36m<path[31m
                    [33md[31m=[32m"M3.477 10.896a4 4 0 0 1 .585-.396"[31m
                  [36m/>[31m
                  [36m<path[31m
                    [33md[31m=[32m"M19.938 10.5a4 4 0 0 1 .585.396"[31m
                  [36m/>[31m
                  [36m<path[31m
                    [33md[31m=[32m"M6 18a4 4 0 0 1-1.967-.516"[31m
                  [36m/>[31m
                  [36m<path[31m
                    [33md[31m=[32m"M19.967 17.484A4 4 0 0 1 18 18"[31m
                  [36m/>[31m
                [36m</svg>[31m
              [36m</div>[31m
              [36m<div>[31m
                [36m<p[31m
                  [33mclass[31m=[32m"font-display text-lg font-bold tracking-tight text-foreground"[31m
                [36m>[31m
                  [0mKnowWhy[0m
                [36m</p>[31m
                [36m<p[31m
                  [33mclass[31m=[32m"text-[10px] uppercase tracking-wider text-muted-foreground font-semibold"[31m
                [36m>[31m
                  [0mOrg Intelligence[0m
                [36m</p>[31m
              [36m</div>[31m
            [36m</div>[31m
            [36m<div[31m
              [33mclass[31m=[32m"mt-8"[31m
            [36m>[31m
              [36m<p[31m
                [33mclass[31m=[32m"px-3 text-[10px] font-bold uppercase tracking-wider text-muted-foreground/60 mb-2"[31m
              [36m>[31m
                [0mNavigation[0m
              [36m</p>[31m
              [36m<nav[31m
                [33maria-label[31m=[32m"Sidebar navigation"[31m
                [33mclass[31m=[32m"space-y-1"[31m
              [36m>[31m
                [36m<a[31m
                  [33mclass[31m=[32m"flex h-10 items-center gap-3 rounded-md px-3 text-sm font-medium transition-all text-muted-foreground hover:bg-accent hover:text-accent-foreground"[31m
                  [33mdata-discover[31m=[32m"true"[31m
                  [33mhref[31m=[32m"/dashboard"[31m
                [36m>[31m
                  [36m<svg[31m
                    [33maria-hidden[31m=[32m"true"[31m
                    [33mclass[31m=[32m"size-4 shrink-0"[31m
                    [33mfill[31m=[32m"none"[31m
                    [33mstroke[31m=[32m"currentColor"[31m
                    [33mstroke-linecap[31m=[32m"round"[31m
                    [33mstroke-linejoin[31m=[32m"round"[31m
                    [33mstroke-width[31m=[32m"2"[31m
                    [33mviewBox[31m=[32m"0 0 24 24"[31m
                    [33mxmlns[31m=[32m"http://www.w3.org/2000/svg"[31m
                  [36m>[31m
                    [36m<rect[31m
                      [33mheight[31m=[32m"9"[31m
                      [33mrx[31m=[32m"1"[31m
                      [33mwidth[31m=[32m"7"[31m
                      [33mx[31m=[32m"3"[31m
                      [33my[31m=[32m"3"[31m
                    [36m/>[31m
                    [36m<rect[31m
                      [33mheight[31m=[32m"5"[31m
                      [33mrx[31m=[32m"1"[31m
                      [33mwidth[31m=[32m"7"[31m
                      [33mx[31m=[32m"14"[31m
                      [33my[31m=[32m"3"[31m
                    [36m/>[31m
                    [36m<rect[31m
                      [33mheight[31m=[32m"9"[31m
                      [33mrx[31m=[32m"1"[31m
                      [33mwidth[31m=[32m"7"[31m
                      [33mx[31m=[32m"14"[31m
                      [33my[31m=[32m"12"[31m
                    [36m/>[31m
                    [36m<rect[31m
                      [33mheight[31m=[32m"5"[31m
                      [33mrx[31m=[32m"1"[31m
                      [33mwidth[31m=[32m"7"[31m
                      [33mx[31m=[32m"3"[31m
                      [33my[31m=[32m"16"[31m
                    [36m/>[31m
                  [36m</svg>[31m
                  [0mDashboard[0m
                [36m</a>[31m
                [36m<a[31m
                  [33mclass[31m=[32m"flex h-10 items-center gap-3 rounded-md px-3 text-sm font-medium transition-all bg-primary text-primary-foreground shadow-sm"[31m
                  [33mdata-discover[31m=[32m"true"[31m
                  [33mhref[31m=[32m"/projects"[31m
                [36m>[31m
                  [36m<svg[31m
                    [33maria-hidden[31m=[32m"true"[31m
                    [33mclass[31m=[32m"lucide lucide-folder size-4 shrink-0"[31m
                    [33mfill[31m=[32m"none"[31m
         ...

Ignored nodes: comments, script, style
[36m<html>[31m
  [36m<head />[31m
  [36m<body>[31m
    [36m<div>[31m
      [36m<div[31m
        [33mclass[31m=[32m"min-h-screen bg-background text-foreground flex"[31m
      [36m>[31m
        [36m<aside[31m
          [33mclass[31m=[32m"fixed inset-y-0 left-0 hidden w-64 border-r border-border bg-card/60 backdrop-blur-md px-4 py-5 lg:block z-30"[31m
        [36m>[31m
          [36m<div[31m
            [33mclass[31m=[32m"flex h-full flex-col justify-between"[31m
          [36m>[31m
            [36m<div>[31m
              [36m<div[31m
                [33mclass[31m=[32m"flex items-center gap-3 px-2 pt-1"[31m
              [36m>[31m
                [36m<div[31m
                  [33mclass[31m=[32m"grid size-10 place-items-center rounded-lg bg-primary text-primary-foreground shadow-sm"[31m
                [36m>[31m
                  [36m<svg[31m
                    [33maria-hidden[31m=[32m"true"[31m
                    [33mclass[31m=[32m"lucide lucide-brain size-5 animate-pulse"[31m
                    [33mfill[31m=[32m"none"[31m
                    [33mheight[31m=[32m"24"[31m
                    [33mstroke[31m=[32m"currentColor"[31m
                    [33mstroke-linecap[31m=[32m"round"[31m
                    [33mstroke-linejoin[31m=[32m"round"[31m
                    [33mstroke-width[31m=[32m"2"[31m
                    [33mviewBox[31m=[32m"0 0 24 24"[31m
                    [33mwidth[31m=[32m"24"[31m
                    [33mxmlns[31m=[32m"http://www.w3.org/2000/svg"[31m
                  [36m>[31m
                    [36m<path[31m
                      [33md[31m=[32m"M12 5a3 3 0 1 0-5.997.125 4 4 0 0 0-2.526 5.77 4 4 0 0 0 .556 6.588A4 4 0 1 0 12 18Z"[31m
                    [36m/>[31m
                    [36m<path[31m
                      [33md[31m=[32m"M12 5a3 3 0 1 1 5.997.125 4 4 0 0 1 2.526 5.77 4 4 0 0 1-.556 6.588A4 4 0 1 1 12 18Z"[31m
                    [36m/>[31m
                    [36m<path[31m
                      [33md[31m=[32m"M15 13a4.5 4.5 0 0 1-3-4 4.5 4.5 0 0 1-3 4"[31m
                    [36m/>[31m
                    [36m<path[31m
                      [33md[31m=[32m"M17.599 6.5a3 3 0 0 0 .399-1.375"[31m
                    [36m/>[31m
                    [36m<path[31m
                      [33md[31m=[32m"M6.003 5.125A3 3 0 0 0 6.401 6.5"[31m
                    [36m/>[31m
                    [36m<path[31m
                      [33md[31m=[32m"M3.477 10.896a4 4 0 0 1 .585-.396"[31m
                    [36m/>[31m
                    [36m<path[31m
                      [33md[31m=[32m"M19.938 10.5a4 4 0 0 1 .585.396"[31m
                    [36m/>[31m
                    [36m<path[31m
                      [33md[31m=[32m"M6 18a4 4 0 0 1-1.967-.516"[31m
                    [36m/>[31m
                    [36m<path[31m
                      [33md[31m=[32m"M19.967 17.484A4 4 0 0 1 18 18"[31m
                    [36m/>[31m
                  [36m</svg>[31m
                [36m</div>[31m
                [36m<div>[31m
                  [36m<p[31m
                    [33mclass[31m=[32m"font-display text-lg font-bold tracking-tight text-foreground"[31m
                  [36m>[31m
                    [0mKnowWhy[0m
                  [36m</p>[31m
                  [36m<p[31m
                    [33mclass[31m=[32m"text-[10px] uppercase tracking-wider text-muted-foreground font-semibold"[31m
                  [36m>[31m
                    [0mOrg Intelligence[0m
                  [36m</p>[31m
                [36m</div>[31m
              [36m</div>[31m
              [36m<div[31m
                [33mclass[31m=[32m"mt-8"[31m
              [36m>[31m
                [36m<p[31m
                  [33mclass[31m=[32m"px-3 text-[10px] font-bold uppercase tracking-wider text-muted-foreground/60 mb-2"[31m
                [36m>[31m
                  [0mNavigation[0m
                [36m</p>[31m
                [36m<nav[31m
                  [33maria-label[31m=[32m"Sidebar navigation"[31m
                  [33mclass[31m=[32m"space-y-1"[31m
                [36m>[31m
                  [36m<a[31m
                    [33mclass[31m=[32m"flex h-10 items-center gap-3 rounded-md px-3 text-sm font-medium transition-all text-muted-foreground hover:bg-accent hover:text-accent-foreground"[31m
                    [33mdata-discover[31m=[32m"true"[31m
                    [33mhref[31m=[32m"/dashboard"[31m
                  [36m>[31m
                    [36m<svg[31m
                      [33maria-hidden[31m=[32m"true"[31m
                      [33mclass[31m=[32m"size-4 shrink-0"[31m
                      [33mfill[31m=[32m"none"[31m
                      [33mstroke[31m=[32m"currentColor"[31m
                      [33mstroke-linecap[31m=[32m"round"[31m
                      [33mstroke-linejoin[31m=[32m"round"[31m
                      [33mstroke-width[31m=[32m"2"[31m
                      [33mviewBox[31m=[32m"0 0 24 24"[31m
                      [33mxmlns[31m=[32m"http://www.w3.org/2000/svg"[31m
                    [36m>[31m
                      [36m<rect[31m
                        [33mheight[31m=[32m"9"[31m
                        [33mrx[31m=[32m"1"[31m
                        [33mwidth[31m=[32m"7"[31m
                        [33mx[31m=[32m"3"[31m
                        [33my[31m=[32m"3"[31m
                      [36m/>[31m
                      [36m<rect[31m
                        [33mheight[31m=[32m"5"[31m
                        [33mrx[31m=[32m"1"[31m
                        [33mwidth[31m=[32m"7"[31m
                        [33mx[31m=[32m"14"[31m
                        [33my[31m=[32m"3"[31m
                      [36m/>[31m
                      [36m<rect[31m
                        [33mheight[31m=[32m"9"[31m
                        [33mrx[31m=[32m"1"[31m
                        [33mwidth[31m=[32m"7"[31m
                        [33mx[31m=[32m"14"[31m
                        [33my[31m=[32m"12"[31m
                      [36m/>[31m
                      [36m<rect[31m
                        [33mheight[31m=[32m"5"[31m
                        [33mrx[31m=[32m"1"[31m
                        [33mwidth[31m=[32m"7"[31m
                        [33mx[31m=[32m"3"[31m
                        [33my[31m=[32m"16"[31m
                      [36m/>[31m
                    [36m</svg>[31m
                    [0mDashboard[0m
                  [36m</a>[31m
                  [36m<a[31m
                    [33mclass[31m=[32m"flex h-10 items-center gap-3 rounded-md px-3 text-sm font-medium transition-all bg-primary text-primary-foreground shadow-sm"[31m
                    [33mdata-discover[31m=[32m"true"[31m
             ...[39m

[2m Test Files [22m [1m[31m1 failed[39m[22m[90m (1)[39m
[2m      Tests [22m [1m[31m1 failed[39m[22m[90m (1)[39m
[2m   Start at [22m 01:01:53
[2m   Duration [22m 5.81s[2m (transform 186ms, setup 433ms, collect 603ms, tests 1.18s, environment 2.07s, prepare 957ms)[22m

